node.exe : npm warn 
Unknown project config "st
rict-peer-dependencies". 
This will stop working in 
the next major version of 
npm. See `npm help npmrc` 
for supported config 
options.
At line:1 char:1
+ & "C:\Program 
Files\nodejs/node.exe" 
"C:\Program 
Files\nodejs/node_mo ...
+ ~~~~~~~~~~~~~~~~~~~~~~~~
~~~~~~~~~~~~~~~~~~~~~~~~~~
~~~~~~~~~~~~~~~~~~~
    + CategoryInfo        
      : NotSpecified: (n  
  pm warn Unknow...conf   
 ig options.:String) [    
], RemoteException
    + FullyQualifiedError 
   Id : NativeCommandErr  
  or
 
src/pages/subjects/list.tsx(111,30): error TS2304: Cannot find name 'DEPARTMENTS_OPTIONS'.
src/pages/subjects/list.tsx(111,54): error TS7006: Parameter 'departmen' implicitly has an 'any' type.
